// Vitest Snapshot v1, https://vitest.dev/guide/snapshot.html

exports[`the theme palette > has not changed colour without somebody saying so 1`] = `
{
  "contrast": {
    "--t-accel": "#8a2600",
    "--t-accent": "#241c6e",
    "--t-accent-bar": "#2f2590",
    "--t-accent-soft": "rgba(47, 37, 144, 0.18)",
    "--t-bg": "#ffffff",
    "--t-blue": "#1b2233",
    "--t-cr": "#a4000f",
    "--t-dr": "#005a36",
    "--t-ink": "#000000",
    "--t-line": "#000000",
    "--t-margin": "color-mix(in oklab, #a4000f 70%, transparent)",
    "--t-muted": "#3a3a3a",
    "--t-on-accent": "#ffffff",
    "--t-on-accent-soft": "#000000",
    "--t-panel": "#ffffff",
    "--t-panel2": "#ededed",
    "--t-rule": "#000000",
    "--t-shadow": "0 0 0 1px #000000",
    "--t-warn": "#5c4a00",
    "--t-warn-line": "#5c4a00",
    "--t-warn-soft": "rgba(92, 74, 0, 0.14)",
  },
  "dark": {
    "--t-accel": "#ff5f45",
    "--t-accent": "#a5a0f5",
    "--t-accent-bar": "#5b52d9",
    "--t-accent-soft": "#292748",
    "--t-bg": "#121316",
    "--t-blue": "#a7b0c4",
    "--t-cr": "#e4796b",
    "--t-dr": "#6ec6a0",
    "--t-ink": "#e8e9ec",
    "--t-line": "#363a44",
    "--t-margin": "color-mix(in oklab, #e4796b 26%, transparent)",
    "--t-muted": "#9aa0ab",
    "--t-on-accent": "#ffffff",
    "--t-on-accent-soft": "#e8e9ec",
    "--t-panel": "#1c1e23",
    "--t-panel2": "#262930",
    "--t-rule": "#e9e9e2",
    "--t-shadow": "inset 0 1px 0 0 rgba(255, 255, 255, 0.05), 0 1px 2px rgba(0, 0, 0, 0.5), 0 8px 24px rgba(0, 0, 0, 0.38)",
    "--t-warn": "#d1a86a",
    "--t-warn-line": "color-mix(in oklab, #d1a86a 46%, transparent)",
    "--t-warn-soft": "rgba(209, 168, 106, 0.16)",
  },
  "light": {
    "--t-accel": "#c02f1d",
    "--t-accent": "#3730a3",
    "--t-accent-bar": "#4338ca",
    "--t-accent-soft": "rgba(67, 56, 202, 0.1)",
    "--t-bg": "#f4f4ef",
    "--t-blue": "#3f4a63",
    "--t-cr": "#bb4433",
    "--t-dr": "#157a53",
    "--t-font-scale": "1",
    "--t-ink": "#21263a",
    "--t-line": "#dcdfe6",
    "--t-margin": "color-mix(in oklab, #bb4433 34%, transparent)",
    "--t-muted": "#6a7186",
    "--t-on-accent": "#ffffff",
    "--t-on-accent-soft": "#1e1b4b",
    "--t-panel": "#ffffff",
    "--t-panel2": "#f6f7fa",
    "--t-rule": "#3a4053",
    "--t-shadow": "0 1px 2px rgba(30, 35, 60, 0.06), 0 4px 16px rgba(30, 35, 60, 0.05)",
    "--t-warn": "#8a6512",
    "--t-warn-line": "color-mix(in oklab, #8a6512 38%, transparent)",
    "--t-warn-soft": "rgba(138, 101, 18, 0.1)",
  },
}
`;
